---
source: crates/compiler/parser/src/parser.rs
expression: snapshot_entry
---
code: func test() { { let x = 1; let y = 2; } }
result: [
    Function(
        FunctionDef {
            name: "test",
            params: [],
            return_type: None,
            body: [
                Block(
                    [
                        Let {
                            name: "x",
                            value: Literal(
                                1,
                            ),
                        },
                        Let {
                            name: "y",
                            value: Literal(
                                2,
                            ),
                        },
                    ],
                ),
            ],
        },
    ),
]
