---
source: crates/compiler/semantic/tests/mod.rs
description: "Inline semantic validation error test: scoping::undeclared_variables::test_undeclared_in_if_condition"
---
Fixture: semantic_tests::scoping::undeclared_variables::test_undeclared_in_if_condition
============================================================
Source code:

        fn test() {
            if (undefined_condition) {
                let x = 1;
            }
        }
    
============================================================
Found 2 diagnostic(s):

--- Diagnostic 1 ---
[1001] Error: Undeclared variable 'undefined_condition'
   ╭─[ semantic_tests::scoping::undeclared_variables::test_undeclared_in_if_condition:3:17 ]
   │
 3 │             if (undefined_condition) {
   │                 ─────────┬─────────  
   │                          ╰─────────── Undeclared variable 'undefined_condition'
───╯

--- Diagnostic 2 ---
[3002] Error: Function 'test' doesn't return on all paths
   ╭─[ semantic_tests::scoping::undeclared_variables::test_undeclared_in_if_condition:2:12 ]
   │
 2 │         fn test() {
   │            ──┬─  
   │              ╰─── Function 'test' doesn't return on all paths
───╯
