---
source: crates/compiler/mir/tests/mdtest_snapshots.rs
description: "MIR snapshot for mdtest: Cairo-M Assembly Opcodes - U32 Arithmetic Operations - U32 Addition - U32StoreAddFpFp and U32StoreAddFpImm"
input_file: mdtest/06-internals/01-opcodes.md
---
Source:
fn test_u32_addition() -> u32 {
    let a: u32 = 100;
    let b: u32 = 50;

    // U32StoreAddFpFp: u32([fp + dst_off], [fp + dst_off + 1]) = u32([fp + src0_off], [fp + src0_off + 1]) + u32([fp + src1_off], [fp + src1_off + 1])
    let sum1: u32 = a + b;

    // U32StoreAddFpImm: u32([fp + dst_off], [fp + dst_off + 1]) = u32([fp + src_off], [fp + src_off + 1]) + u32(imm_lo, imm_hi)
    let sum2: u32 = a + 25;

    return sum1 + sum2;
}
============================================================
Generated MIR:
module {
  // Function 0
  fn test_u32_addition {
    entry: 0

    0:
      %0 = 100 (u32)
      %1 = 50 (u32)
      %2 = %0 U32Add %1
      %3 = %0 U32Add 25
      %4 = %2 U32Add %3
      return %4

  }

}
