---
source: crates/wasm/tests/wasm_to_mir_tests.rs
description: "WASM to MIR snapshot: simple_if.wat"
---
WASM File: simple_if.wat
Functions loaded: 1

Module Output:
module {
  // Function 0
  fn simple_if {
    parameters: [0]
    entry: 0

    0:
      %2 = 5 (u32)
      %3 = %0 U32Greater %2
      if %3 then jump 1 else jump 3

    1:
      %4 = 10 (u32)
      %5 = %0 U32Add %4
      %1 = %5 (u32)
      jump 2

    2:
      jump 4

    3:
      %1 = %0 (u32)
      jump 2

    4:
      return %1

  }

}
