---
source: crates/wasm/tests/wasm_to_mir_tests.rs
expression: snapshot_content
---
---
source: crates/wasm/tests/wasm_to_mir_tests.rs
expression: wasm_load_result
---
WASM File: nested_loop.wat
============================================================
Success: true
Functions loaded: 1
============================================================
Module Output:
module {
  // Function 0
  fn nested_loop {
    parameters: [0]
    entry: 0

    0:
      %2 = 0 (u32)
      %5 = %2 (u32)
      %4 = %2 (u32)
      %6 = %2 (u32)
      %3 = %0 (u32)
      jump 2

    1:
      jump 11

    2:
      jump 3

    3:
      %9 = %4 U32Less %3
      if %9 then jump 6 else jump 5

    4:
      %18 = 1 (u32)
      %19 = %4 U32Add %18
      %3 = %3 (u32)
      %4 = %19 (u32)
      %5 = %7 (u32)
      %6 = %8 (u32)
      jump 2

    5:
      %1 = %6 (u32)
      jump 1

    6:
      %10 = 0 (u32)
      %12 = %10 (u32)
      %13 = %6 (u32)
      %11 = %4 (u32)
      jump 7

    7:
      jump 8

    8:
      %14 = %12 U32Less %11
      if %14 then jump 10 else jump 9

    9:
      %8 = %13 (u32)
      %7 = %12 (u32)
      jump 4

    10:
      %15 = %13 U32Add %11
      %16 = 1 (u32)
      %17 = %12 U32Add %16
      %11 = %11 (u32)
      %12 = %17 (u32)
      %13 = %15 (u32)
      jump 7

    11:
      return %1

  }

}
