---
source: crates/compiler/codegen/tests/codegen_tests.rs
expression: snapshot_content
---
---
source: crates/compiler/codegen/tests/codegen_tests.rs
expression: codegen_output
---
Fixture: add_two_numbers.cm
============================================================
Source code:
func add_two_numbers() -> felt {
    let a = 10;
    let b = 32;
    return a + b;
}
============================================================
Generated CASM:
add_two_numbers:
add_two_numbers:
add_two_numbers_0:
   0: 6 0 10               // Store immediate: [fp+0] = 10
   1: 6 1 32               // Store immediate: [fp+1] = 32
   2: 0 0 1 2              // [fp + 2] = [fp + 0] op [fp + 1]
   3: 4 2 -3               // Return value: [fp-3] = [fp+2]
   4: 15                   // return
