---
source: crates/compiler/codegen/tests/mdtest_snapshots.rs
description: "Codegen snapshot for mdtest: Cairo-M Assembly Opcodes - U32 Arithmetic Operations - U32 Subtraction - U32StoreSubFpFp and U32StoreSubFpImm"
input_file: mdtest/06-internals/01-opcodes.md
---
Source:
fn test_u32_subtraction() -> u32 {
    let a: u32 = 200;
    let b: u32 = 75;

    // U32StoreSubFpFp: u32([fp + dst_off], [fp + dst_off + 1]) = u32([fp + src0_off], [fp + src0_off + 1]) - u32([fp + src1_off], [fp + src1_off + 1])
    let diff1: u32 = a - b;

    // U32StoreSubFpImm: u32([fp + dst_off], [fp + dst_off + 1]) = u32([fp + src_off], [fp + src_off + 1]) - u32(imm_lo, imm_hi)
    let diff2: u32 = a - 50;

    return diff1 - diff2;
}
============================================================
Generated CASM:
test_u32_subtraction:
test_u32_subtraction:
test_u32_subtraction_0:
   0: 23 200 0 0           // [fp + 0, fp + 0 + 1] = u32(200)
   1: 23 75 0 2            // [fp + 2, fp + 2 + 1] = u32(75)
   2: 16 0 2 4             // u32([fp + 4], [fp + 4 + 1]) = u32([fp + 0], [fp + 0 + 1]) op u32([fp + 2], [fp + 2 + 1])
   3: 20 0 50 0 6          // u32([fp + 6], [fp + 6 + 1]) = u32([fp + 0], [fp + 0 + 1]) op u32(50, 0)
   4: 16 4 6 8             // u32([fp + 8], [fp + 8 + 1]) = u32([fp + 4], [fp + 4 + 1]) op u32([fp + 6], [fp + 6 + 1])
   5: 4 8 0 -4             // Return value 0 slot 0: [fp -4] = [fp + 8] + 0
   6: 4 9 0 -3             // Return value 0 slot 1: [fp -3] = [fp + 9] + 0
   7: 11 _ _ _             // return
