---
source: crates/compiler/codegen/tests/mdtest_snapshots.rs
description: "Codegen snapshot for mdtest: Optimization Patterns in Cairo-M - In-Place Updates"
input_file: mdtest/04-advanced/04-optimization.md
---
Source:
fn test_in_place_updates() -> felt {
    let x = 5;
    x = x + 1;  // In-place update
    let y = 10;
    y = y + x;  // Another in-place update
    return y;
}
============================================================
Generated CASM:
test_in_place_updates:
test_in_place_updates:
test_in_place_updates_0:
   0: 9 5 0 _              // [fp + 0] = 5
   1: 4 0 0 4              // [fp + 4] = [fp + 0] + 0
   2: 4 4 1 0              // [fp + 0] = [fp + 4] op 1
   3: 9 10 -3 _            // [fp + -3] = 10
   4: 4 -3 0 4             // [fp + 4] = [fp + -3] + 0
   5: 0 4 0 -3             // [fp + -3] = [fp + 4] op [fp + 0]
   6: 11 _ _ _             // return
