---
source: crates/compiler/codegen/tests/mdtest_snapshots.rs
description: "Codegen snapshot for mdtest: Cairo-M Assembly Opcodes - Felt Arithmetic Operations - Division - StoreDivFpFp and StoreDivFpImm"
input_file: mdtest/06-internals/01-opcodes.md
---
Source:
fn test_division() -> felt {
    let a = 20;
    let b = 4;

    // StoreDivFpFp: [fp + dst_off] = [fp + src0_off] / [fp + src1_off]
    let div1 = a / b;

    // StoreDivFpImm: [fp + dst_off] = [fp + src_off] / imm
    let div2 = a / 2;

    return div1 + div2;
}
============================================================
Generated CASM:
test_division:
test_division:
test_division_0:
   0: 9 20 0 _             // [fp + 0] = 20
   1: 9 4 1 _              // [fp + 1] = 4
   2: 3 0 1 2              // [fp + 2] = [fp + 0] op [fp + 1]
   3: 7 0 2 3              // [fp + 3] = [fp + 0] op 2
   4: 0 2 3 -3             // [fp + -3] = [fp + 2] op [fp + 3]
   5: 11 _ _ _             // return
