---
source: crates/compiler/codegen/tests/mdtest_snapshots.rs
description: "Codegen snapshot for mdtest: Primitive Types in Cairo-M - Type Inference"
input_file: mdtest/01-basics/03-primitive-types.md
---
Source:
fn test_inference() -> u32 {
    let x = 42;  // Type inferred as felt
    let y: u32 = 100;
    let z = 200u32;
    return y + z;
}
============================================================
Generated CASM:
test_inference:
test_inference:
test_inference_0:
   0: 23 100 0 0           // u32([fp + 0, fp + 1]) = u32(100)
   1: 23 200 0 2           // u32([fp + 2, fp + 3]) = u32(200)
   2: 15 0 2 4             // u32([fp + 4], [fp + 5]) = u32([fp + 0], [fp + 1]) op u32([fp + 2], [fp + 3])
   3: 4 4 0 -4             // Return value 0 slot 0: [fp -4] = [fp + 4] + 0
   4: 4 5 0 -3             // Return value 0 slot 1: [fp -3] = [fp + 5] + 0
   5: 11 _ _ _             // return
