---
source: crates/compiler/parser/tests/common.rs
expression: snapshot
---
--- Input 1 ---
fn add(a: felt, b: felt) -> felt { return a + b; }
--- AST ---
[
    Function(
        Spanned(
            FunctionDef {
                name: Spanned(
                    "add",
                    3..6,
                ),
                params: [
                    Parameter {
                        name: Spanned(
                            "a",
                            7..8,
                        ),
                        type_expr: Spanned(
                            Named(
                                Spanned(
                                    Felt,
                                    10..14,
                                ),
                            ),
                            10..14,
                        ),
                    },
                    Parameter {
                        name: Spanned(
                            "b",
                            16..17,
                        ),
                        type_expr: Spanned(
                            Named(
                                Spanned(
                                    Felt,
                                    19..23,
                                ),
                            ),
                            19..23,
                        ),
                    },
                ],
                return_type: Spanned(
                    Named(
                        Spanned(
                            Felt,
                            28..32,
                        ),
                    ),
                    28..32,
                ),
                body: [
                    Spanned(
                        Return {
                            value: Some(
                                Spanned(
                                    BinaryOp {
                                        op: Add,
                                        left: Spanned(
                                            Identifier(
                                                Spanned(
                                                    "a",
                                                    42..43,
                                                ),
                                            ),
                                            42..43,
                                        ),
                                        right: Spanned(
                                            Identifier(
                                                Spanned(
                                                    "b",
                                                    46..47,
                                                ),
                                            ),
                                            46..47,
                                        ),
                                    },
                                    42..47,
                                ),
                            ),
                        },
                        35..48,
                    ),
                ],
            },
            0..50,
        ),
    ),
]
============================================================

--- Input 2 ---
fn get_constant() -> felt { return 42; }
--- AST ---
[
    Function(
        Spanned(
            FunctionDef {
                name: Spanned(
                    "get_constant",
                    3..15,
                ),
                params: [],
                return_type: Spanned(
                    Named(
                        Spanned(
                            Felt,
                            21..25,
                        ),
                    ),
                    21..25,
                ),
                body: [
                    Spanned(
                        Return {
                            value: Some(
                                Spanned(
                                    Literal(
                                        42,
                                        None,
                                    ),
                                    35..37,
                                ),
                            ),
                        },
                        28..38,
                    ),
                ],
            },
            0..40,
        ),
    ),
]
============================================================

--- Input 3 ---
fn print_hello() { let msg = hello; }
--- AST ---
[
    Function(
        Spanned(
            FunctionDef {
                name: Spanned(
                    "print_hello",
                    3..14,
                ),
                params: [],
                return_type: Spanned(
                    Tuple(
                        [],
                    ),
                    0..0,
                ),
                body: [
                    Spanned(
                        Let {
                            pattern: Identifier(
                                Spanned(
                                    "msg",
                                    23..26,
                                ),
                            ),
                            statement_type: None,
                            value: Spanned(
                                Identifier(
                                    Spanned(
                                        "hello",
                                        29..34,
                                    ),
                                ),
                                29..34,
                            ),
                        },
                        19..35,
                    ),
                ],
            },
            0..37,
        ),
    ),
]
============================================================

--- Input 4 ---
fn complex(a: felt, b: felt*, c: (felt, felt)) { }
--- AST ---
[
    Function(
        Spanned(
            FunctionDef {
                name: Spanned(
                    "complex",
                    3..10,
                ),
                params: [
                    Parameter {
                        name: Spanned(
                            "a",
                            11..12,
                        ),
                        type_expr: Spanned(
                            Named(
                                Spanned(
                                    Felt,
                                    14..18,
                                ),
                            ),
                            14..18,
                        ),
                    },
                    Parameter {
                        name: Spanned(
                            "b",
                            20..21,
                        ),
                        type_expr: Spanned(
                            Pointer(
                                Spanned(
                                    Named(
                                        Spanned(
                                            Felt,
                                            23..27,
                                        ),
                                    ),
                                    23..27,
                                ),
                            ),
                            23..28,
                        ),
                    },
                    Parameter {
                        name: Spanned(
                            "c",
                            30..31,
                        ),
                        type_expr: Spanned(
                            Tuple(
                                [
                                    Spanned(
                                        Named(
                                            Spanned(
                                                Felt,
                                                34..38,
                                            ),
                                        ),
                                        34..38,
                                    ),
                                    Spanned(
                                        Named(
                                            Spanned(
                                                Felt,
                                                40..44,
                                            ),
                                        ),
                                        40..44,
                                    ),
                                ],
                            ),
                            33..45,
                        ),
                    },
                ],
                return_type: Spanned(
                    Tuple(
                        [],
                    ),
                    0..0,
                ),
                body: [],
            },
            0..50,
        ),
    ),
]
============================================================

--- Input 5 ---
fn complex_function(a: felt, b: felt*, c: (felt, felt), d: MyStruct, e: MyStruct*) -> (felt, felt) { return (a, b); }
--- AST ---
[
    Function(
        Spanned(
            FunctionDef {
                name: Spanned(
                    "complex_function",
                    3..19,
                ),
                params: [
                    Parameter {
                        name: Spanned(
                            "a",
                            20..21,
                        ),
                        type_expr: Spanned(
                            Named(
                                Spanned(
                                    Felt,
                                    23..27,
                                ),
                            ),
                            23..27,
                        ),
                    },
                    Parameter {
                        name: Spanned(
                            "b",
                            29..30,
                        ),
                        type_expr: Spanned(
                            Pointer(
                                Spanned(
                                    Named(
                                        Spanned(
                                            Felt,
                                            32..36,
                                        ),
                                    ),
                                    32..36,
                                ),
                            ),
                            32..37,
                        ),
                    },
                    Parameter {
                        name: Spanned(
                            "c",
                            39..40,
                        ),
                        type_expr: Spanned(
                            Tuple(
                                [
                                    Spanned(
                                        Named(
                                            Spanned(
                                                Felt,
                                                43..47,
                                            ),
                                        ),
                                        43..47,
                                    ),
                                    Spanned(
                                        Named(
                                            Spanned(
                                                Felt,
                                                49..53,
                                            ),
                                        ),
                                        49..53,
                                    ),
                                ],
                            ),
                            42..54,
                        ),
                    },
                    Parameter {
                        name: Spanned(
                            "d",
                            56..57,
                        ),
                        type_expr: Spanned(
                            Named(
                                Spanned(
                                    Custom(
                                        "MyStruct",
                                    ),
                                    59..67,
                                ),
                            ),
                            59..67,
                        ),
                    },
                    Parameter {
                        name: Spanned(
                            "e",
                            69..70,
                        ),
                        type_expr: Spanned(
                            Pointer(
                                Spanned(
                                    Named(
                                        Spanned(
                                            Custom(
                                                "MyStruct",
                                            ),
                                            72..80,
                                        ),
                                    ),
                                    72..80,
                                ),
                            ),
                            72..81,
                        ),
                    },
                ],
                return_type: Spanned(
                    Tuple(
                        [
                            Spanned(
                                Named(
                                    Spanned(
                                        Felt,
                                        87..91,
                                    ),
                                ),
                                87..91,
                            ),
                            Spanned(
                                Named(
                                    Spanned(
                                        Felt,
                                        93..97,
                                    ),
                                ),
                                93..97,
                            ),
                        ],
                    ),
                    86..98,
                ),
                body: [
                    Spanned(
                        Return {
                            value: Some(
                                Spanned(
                                    Tuple(
                                        [
                                            Spanned(
                                                Identifier(
                                                    Spanned(
                                                        "a",
                                                        109..110,
                                                    ),
                                                ),
                                                109..110,
                                            ),
                                            Spanned(
                                                Identifier(
                                                    Spanned(
                                                        "b",
                                                        112..113,
                                                    ),
                                                ),
                                                112..113,
                                            ),
                                        ],
                                    ),
                                    108..114,
                                ),
                            ),
                        },
                        101..115,
                    ),
                ],
            },
            0..117,
        ),
    ),
]
============================================================

--- Input 6 ---
fn test(a: felt, b: felt,) { }
--- AST ---
[
    Function(
        Spanned(
            FunctionDef {
                name: Spanned(
                    "test",
                    3..7,
                ),
                params: [
                    Parameter {
                        name: Spanned(
                            "a",
                            8..9,
                        ),
                        type_expr: Spanned(
                            Named(
                                Spanned(
                                    Felt,
                                    11..15,
                                ),
                            ),
                            11..15,
                        ),
                    },
                    Parameter {
                        name: Spanned(
                            "b",
                            17..18,
                        ),
                        type_expr: Spanned(
                            Named(
                                Spanned(
                                    Felt,
                                    20..24,
                                ),
                            ),
                            20..24,
                        ),
                    },
                ],
                return_type: Spanned(
                    Tuple(
                        [],
                    ),
                    0..0,
                ),
                body: [],
            },
            0..30,
        ),
    ),
]
