---
source: crates/compiler/parser/tests/common.rs
expression: snapshot
---
--- Input 1 (ERROR) ---
let x = 5;
--- Diagnostics ---
[02] Error: found 'let' expected 'fn', 'struct', 'const', 'namespace', 'use', or end of input
   ╭─[ test.cairo:1:1 ]
   │
 1 │ let x = 5;
   │ ─┬─  
   │  ╰─── found 'let' expected 'fn', 'struct', 'const', 'namespace', 'use', or end of input
───╯

============================================================

--- Input 2 (ERROR) ---
x = 10;
--- Diagnostics ---
[02] Error: found 'x' expected 'fn', 'struct', 'const', 'namespace', 'use', or end of input
   ╭─[ test.cairo:1:1 ]
   │
 1 │ x = 10;
   │ ┬  
   │ ╰── found 'x' expected 'fn', 'struct', 'const', 'namespace', 'use', or end of input
───╯

============================================================

--- Input 3 (ERROR) ---
42;
--- Diagnostics ---
[02] Error: found '42' expected 'fn', 'struct', 'const', 'namespace', 'use', or end of input
   ╭─[ test.cairo:1:1 ]
   │
 1 │ 42;
   │ ─┬  
   │  ╰── found '42' expected 'fn', 'struct', 'const', 'namespace', 'use', or end of input
───╯

============================================================

--- Input 4 (ERROR) ---
return 5;
--- Diagnostics ---
[02] Error: found 'return' expected 'fn', 'struct', 'const', 'namespace', 'use', or end of input
   ╭─[ test.cairo:1:1 ]
   │
 1 │ return 5;
   │ ───┬──  
   │    ╰──── found 'return' expected 'fn', 'struct', 'const', 'namespace', 'use', or end of input
───╯

============================================================

--- Input 5 (ERROR) ---
if true { x = 1; }
--- Diagnostics ---
[02] Error: found 'if' expected 'fn', 'struct', 'const', 'namespace', 'use', or end of input
   ╭─[ test.cairo:1:1 ]
   │
 1 │ if true { x = 1; }
   │ ─┬  
   │  ╰── found 'if' expected 'fn', 'struct', 'const', 'namespace', 'use', or end of input
───╯

============================================================

--- Input 6 (ERROR) ---
{ let x = 1; }
--- Diagnostics ---
[02] Error: found '{' expected 'fn', 'struct', 'const', 'namespace', 'use', or end of input
   ╭─[ test.cairo:1:1 ]
   │
 1 │ { let x = 1; }
   │ ┬  
   │ ╰── found '{' expected 'fn', 'struct', 'const', 'namespace', 'use', or end of input
───╯
