---
source: crates/compiler/parser/tests/common.rs
assertion_line: 96
expression: snapshot
---
--- Code ---
func test() { loop { continue; } }
--- AST ---
[
    Function(
        Spanned(
            FunctionDef {
                name: Spanned(
                    "test",
                    5..9,
                ),
                params: [],
                return_type: None,
                body: [
                    Spanned(
                        Loop {
                            body: Spanned(
                                Block(
                                    [
                                        Spanned(
                                            Continue,
                                            21..30,
                                        ),
                                    ],
                                ),
                                19..32,
                            ),
                        },
                        14..32,
                    ),
                ],
            },
            0..34,
        ),
    ),
]
