---
source: crates/compiler/parser/tests/common.rs
expression: snapshot
---
--- Code ---
fn test() { while (true) { if (done) { break; } } }
--- AST ---
[
    Function(
        Spanned(
            FunctionDef {
                name: Spanned(
                    "test",
                    3..7,
                ),
                params: [],
                return_type: Tuple(
                    [],
                ),
                body: [
                    Spanned(
                        While {
                            condition: Spanned(
                                BooleanLiteral(
                                    true,
                                ),
                                19..23,
                            ),
                            body: Spanned(
                                Block(
                                    [
                                        Spanned(
                                            If {
                                                condition: Spanned(
                                                    Identifier(
                                                        Spanned(
                                                            "done",
                                                            31..35,
                                                        ),
                                                    ),
                                                    31..35,
                                                ),
                                                then_block: Spanned(
                                                    Block(
                                                        [
                                                            Spanned(
                                                                Break,
                                                                39..45,
                                                            ),
                                                        ],
                                                    ),
                                                    37..47,
                                                ),
                                                else_block: None,
                                            },
                                            27..47,
                                        ),
                                    ],
                                ),
                                25..49,
                            ),
                        },
                        12..49,
                    ),
                ],
            },
            0..51,
        ),
    ),
]
