---
source: crates/compiler/parser/tests/common.rs
expression: snapshot
---
--- Code ---
fn test() { break; }
--- AST ---
[
    Function(
        Spanned(
            FunctionDef {
                name: Spanned(
                    "test",
                    3..7,
                ),
                params: [],
                return_type: Tuple(
                    [],
                ),
                body: [
                    Spanned(
                        Break,
                        12..18,
                    ),
                ],
            },
            0..20,
        ),
    ),
]
